7
-1
12
0.75
3
20
20
75
-3
false
true
false
true
true
false
7.7
-1
15.75
0.875
3.5
false
true
false
true
true
false
test1test2
NaN
false
true
false
true
true
false
tb
NaN
false
true
true
false
false
true
false
true
false
false
[ 2, 3, 4 ]
